../Core/Src/SSD1322_OLED_lib/SSD1322_HW_Driver.c:35:6:SSD1322_HW_drive_CS_low	0	static
../Core/Src/SSD1322_OLED_lib/SSD1322_HW_Driver.c:46:6:SSD1322_HW_drive_CS_high	0	static
../Core/Src/SSD1322_OLED_lib/SSD1322_HW_Driver.c:57:6:SSD1322_HW_drive_DC_low	0	static
../Core/Src/SSD1322_OLED_lib/SSD1322_HW_Driver.c:68:6:SSD1322_HW_drive_DC_high	0	static
../Core/Src/SSD1322_OLED_lib/SSD1322_HW_Driver.c:79:6:SSD1322_HW_drive_RESET_low	0	static
../Core/Src/SSD1322_OLED_lib/SSD1322_HW_Driver.c:90:6:SSD1322_HW_drive_RESET_high	0	static
../Core/Src/SSD1322_OLED_lib/SSD1322_HW_Driver.c:101:6:SSD1322_HW_SPI_send_byte	16	static
../Core/Src/SSD1322_OLED_lib/SSD1322_HW_Driver.c:115:6:SSD1322_HW_SPI_send_array	8	static
../Core/Src/SSD1322_OLED_lib/SSD1322_HW_Driver.c:132:6:SSD1322_HW_msDelay	0	static
